{
    "value": "formatted1",
    "valueUnion": {
        "value": "value2"
    },
    "valueIntersection": {
        "value": "value2"
    },
    "string": "string",
    "int": 1,
    "float": 1.1,
    "bool": true,
    "array": [
        1,
        2,
        3
    ],
    "enum": "test",
    "default": "default",
    "defaultvalue": "formatted2"
}